{
    "msg": "Key: 'FormRequest.Name' Error:Field validation for 'Name' failed on the 'required' tag"
}