{
    "code":401,
    "message":"incorrect Username or Password: crypto/bcrypt: hashedPassword is not the hash of the given password"
}