{
    "code":401,
    "message":"incorrect Username or Password: user not found: not found"
}