{
    "code":200,
    "expire":"2022-05-10T13:04:56Z",
    "token":"eyJhbGciOiJSUzI1NiIsInR5cCI6IkpXVCJ9.eyJhdWQiOiJnaXRodWIuY29tL2t3dHJ5by9nby1zYW1wbGUiLCJleHAiOjE2NTIxODc4OTYsImlzcyI6ImdpdGh1Yi5jb20va3d0cnlvL2dvLXNhbXBsZSIsImp0aSI6IjhjMmIyYWQ0LTk1OTgtNDRlZC1iMWI5LTllYzM1NTMzMmY2MCIsIm9yaWdfaWF0IjoxNjUyMTg2MDk2LCJyb2xlIjoiYWRtaW4iLCJzdWIiOiJhY2Nlc3NfdG9rZW4iLCJ1c2VyX25hbWUiOiJ0ZXN0VXNlck5hbWUifQ.nDoXv6hAcg297PRnN5mgvOUjb01itRqLMtsiady-_v3zyam_FArDsHT9qL4OZpZljan6zVZ-ANSnYmi0ZhEBnIzI4_KaMRSS1ZZ25uNZe1p55sIUhxceNOcoVFP3QzjVwLpDwhVwcpwCt3vluOczrBfjQkyaBkJ32u0YL_Cum0Pll2S4Bik5b7MT2OqF9eyJItl7kkO8oDUoPCRr6dTvoOK7Ao8zc6R4SHdAobBg7vHuWPks7_TCfLnjjRyIcnpkk0l_ZLnJsbgia8hZllKeOzL1FR7M-U7hUsx0quQn6jcVOMubqJG6noofCA3yh_KvZRxCi77apmyVr41gW4yXg8z-n1zS11ib72j1bPkN-u4iHEiOlK2xF4Wc5saYgbCv2qihvuwG1PYXR5Sy6K2oCGyToKZ2w8lykO0Vdhez_OMEtuiT0gTOkAE7eZKG4fK9gZNUrmj44q2qXob8d4TNSohr__FfZibo0Fq9QrVR3AyzrKMR6WhVLoOUIY6fGM7gQeT8AyN5YncC0-eNFXjlinZqJ-gsBGJ6jPloA3zdv2BiKvt5LLwcNYykmaRWD1g9nBaRjPD6TdgovqAyhvIe2o7dbBynK-hwGW7rPNEfPhnL1e8NJfCHneGM7IK8nnXcTF4HO6pAk-De5PxJTw_HIAEeOm3DivKWii6UHsFZanE"
}